[    0.000000] Linux version 4.15.0-23-generic (buildd@lgw01-amd64-055) (gcc version 7.3.0 (Ubuntu 7.3.0-16ubuntu3)) #25-Ubuntu SMP Wed May 23 18:02:16 UTC 2018 (Ubuntu 4.15.0-23.25-generic 4.15.18)
[    0.000000] Command line: BOOT_IMAGE=/boot/vmlinuz-4.15.0-23-generic root=LABEL=cloudimg-rootfs ro console=tty1 console=ttyS0
[    0.000000] KERNEL supported cpus:
[    0.000000]   Intel GenuineIntel
[    0.000000]   AMD AuthenticAMD
[    0.000000]   Centaur CentaurHauls
[    0.000000] x86/fpu: Supporting XSAVE feature 0x001: 'x87 floating point registers'
[    0.000000] x86/fpu: Supporting XSAVE feature 0x002: 'SSE registers'
[    0.000000] x86/fpu: Supporting XSAVE feature 0x004: 'AVX registers'
[    0.000000] x86/fpu: xstate_offset[2]:  576, xstate_sizes[2]:  256
[    0.000000] x86/fpu: Enabled xstate features 0x7, context size is 832 bytes, using 'standard' format.
[    0.000000] e820: BIOS-provided physical RAM map:
[    0.000000] BIOS-e820: [mem 0x0000000000000000-0x000000000009fbff] usable
[    0.000000] BIOS-e820: [mem 0x000000000009fc00-0x000000000009ffff] reserved
[    0.000000] BIOS-e820: [mem 0x00000000000f0000-0x00000000000fffff] reserved
[    0.000000] BIOS-e820: [mem 0x0000000000100000-0x000000007ffeffff] usable
[    0.000000] BIOS-e820: [mem 0x000000007fff0000-0x000000007fffffff] ACPI data
[    0.000000] BIOS-e820: [mem 0x00000000fec00000-0x00000000fec00fff] reserved
[    0.000000] BIOS-e820: [mem 0x00000000fee00000-0x00000000fee00fff] reserved
[    0.000000] BIOS-e820: [mem 0x00000000fffc0000-0x00000000ffffffff] reserved
[    0.000000] NX (Execute Disable) protection: active
[    0.000000] random: fast init done
[    0.000000] SMBIOS 2.5 present.
[    0.000000] DMI: innotek GmbH VirtualBox/VirtualBox, BIOS VirtualBox 12/01/2006
[    0.000000] Hypervisor detected: KVM
[    0.000000] e820: last_pfn = 0x7fff0 max_arch_pfn = 0x400000000
[    0.000000] MTRR: Disabled
[    0.000000] x86/PAT: MTRRs disabled, skipping PAT initialization too.
[    0.000000] CPU MTRRs all blank - virtualized system.
[    0.000000] x86/PAT: Configuration [0-7]: WB  WT  UC- UC  WB  WT  UC- UC  
[    0.000000] found SMP MP-table at [mem 0x0009fff0-0x0009ffff] mapped at [        (ptrval)]
[    0.000000] Scanning 1 areas for low memory corruption
[    0.000000] RAMDISK: [mem 0x35aed000-0x36d6dfff]
[    0.000000] ACPI: Early table checksum verification disabled
[    0.000000] ACPI: RSDP 0x00000000000E0000 000024 (v02 VBOX  )
[    0.000000] ACPI: XSDT 0x000000007FFF0030 00003C (v01 VBOX   VBOXXSDT 00000001 ASL  00000061)
[    0.000000] ACPI: FACP 0x000000007FFF00F0 0000F4 (v04 VBOX   VBOXFACP 00000001 ASL  00000061)
[    0.000000] ACPI: DSDT 0x000000007FFF0470 0021FF (v02 VBOX   VBOXBIOS 00000002 INTL 20180105)
[    0.000000] ACPI: FACS 0x000000007FFF0200 000040
[    0.000000] ACPI: FACS 0x000000007FFF0200 000040
[    0.000000] ACPI: APIC 0x000000007FFF0240 00005C (v02 VBOX   VBOXAPIC 00000001 ASL  00000061)
[    0.000000] ACPI: SSDT 0x000000007FFF02A0 0001CC (v01 VBOX   VBOXCPUT 00000002 INTL 20180105)
[    0.000000] No NUMA configuration found
[    0.000000] Faking a node at [mem 0x0000000000000000-0x000000007ffeffff]
[    0.000000] NODE_DATA(0) allocated [mem 0x7ffc5000-0x7ffeffff]
[    0.000000] kvm-clock: cpu 0, msr 0:7ff44001, primary cpu clock
[    0.000000] kvm-clock: Using msrs 4b564d01 and 4b564d00
[    0.000000] kvm-clock: using sched offset of 3453743327 cycles
[    0.000000] clocksource: kvm-clock: mask: 0xffffffffffffffff max_cycles: 0x1cd42e4dffb, max_idle_ns: 881590591483 ns
[    0.000000] Zone ranges:
[    0.000000]   DMA      [mem 0x0000000000001000-0x0000000000ffffff]
[    0.000000]   DMA32    [mem 0x0000000001000000-0x000000007ffeffff]
[    0.000000]   Normal   empty
[    0.000000]   Device   empty
[    0.000000] Movable zone start for each node
[    0.000000] Early memory node ranges
[    0.000000]   node   0: [mem 0x0000000000001000-0x000000000009efff]
[    0.000000]   node   0: [mem 0x0000000000100000-0x000000007ffeffff]
[    0.000000] Initmem setup node 0 [mem 0x0000000000001000-0x000000007ffeffff]
[    0.000000] Reserved but unavailable: 98 pages
[    0.000000] ACPI: PM-Timer IO Port: 0x4008
[    0.000000] IOAPIC[0]: apic_id 2, version 32, address 0xfec00000, GSI 0-23
[    0.000000] ACPI: INT_SRC_OVR (bus 0 bus_irq 0 global_irq 2 dfl dfl)
[    0.000000] ACPI: INT_SRC_OVR (bus 0 bus_irq 9 global_irq 9 low level)
[    0.000000] Using ACPI (MADT) for SMP configuration information
[    0.000000] smpboot: Allowing 2 CPUs, 0 hotplug CPUs
[    0.000000] PM: Registered nosave memory: [mem 0x00000000-0x00000fff]
[    0.000000] PM: Registered nosave memory: [mem 0x0009f000-0x0009ffff]
[    0.000000] PM: Registered nosave memory: [mem 0x000a0000-0x000effff]
[    0.000000] PM: Registered nosave memory: [mem 0x000f0000-0x000fffff]
[    0.000000] e820: [mem 0x80000000-0xfebfffff] available for PCI devices
[    0.000000] Booting paravirtualized kernel on KVM
[    0.000000] clocksource: refined-jiffies: mask: 0xffffffff max_cycles: 0xffffffff, max_idle_ns: 7645519600211568 ns
[    0.000000] setup_percpu: NR_CPUS:8192 nr_cpumask_bits:2 nr_cpu_ids:2 nr_node_ids:1
[    0.000000] percpu: Embedded 46 pages/cpu @        (ptrval) s151552 r8192 d28672 u1048576
[    0.000000] PV qspinlock hash table entries: 256 (order: 0, 4096 bytes)
[    0.000000] Built 1 zonelists, mobility grouping on.  Total pages: 515961
[    0.000000] Policy zone: DMA32
[    0.000000] Kernel command line: BOOT_IMAGE=/boot/vmlinuz-4.15.0-23-generic root=LABEL=cloudimg-rootfs ro console=tty1 console=ttyS0
[    0.000000] Memory: 2015828K/2096696K available (12300K kernel code, 2470K rwdata, 4240K rodata, 2408K init, 2416K bss, 80868K reserved, 0K cma-reserved)
[    0.000000] SLUB: HWalign=64, Order=0-3, MinObjects=0, CPUs=2, Nodes=1
[    0.000000] Kernel/User page tables isolation: enabled
[    0.000000] ftrace: allocating 39083 entries in 153 pages
[    0.004000] Hierarchical RCU implementation.
[    0.004000] 	RCU restricting CPUs from NR_CPUS=8192 to nr_cpu_ids=2.
[    0.004000] 	Tasks RCU enabled.
[    0.004000] RCU: Adjusting geometry for rcu_fanout_leaf=16, nr_cpu_ids=2
[    0.004000] NR_IRQS: 524544, nr_irqs: 440, preallocated irqs: 16
[    0.004000] Console: colour VGA+ 80x25
[    0.004000] console [tty1] enabled
[    0.004000] console [ttyS0] enabled
[    0.004000] ACPI: Core revision 20170831
[    0.004000] ACPI: 2 ACPI AML tables successfully acquired and loaded
[    0.004000] APIC: Switch to symmetric I/O mode setup
[    0.008177] x2apic enabled
[    0.008939] Switched APIC routing to physical x2apic.
[    0.010913] ..TIMER: vector=0x30 apic1=0 pin1=2 apic2=-1 pin2=-1
[    0.012005] tsc: Detected 2592.000 MHz processor
[    0.012692] Calibrating delay loop (skipped) preset value.. 5184.00 BogoMIPS (lpj=10368000)
[    0.013216] pid_max: default: 32768 minimum: 301
[    0.013943] Security Framework initialized
[    0.016002] Yama: becoming mindful.
[    0.016579] AppArmor: AppArmor initialized
[    0.017817] Dentry cache hash table entries: 262144 (order: 9, 2097152 bytes)
[    0.019297] Inode-cache hash table entries: 131072 (order: 8, 1048576 bytes)
[    0.020017] Mount-cache hash table entries: 4096 (order: 3, 32768 bytes)
[    0.020972] Mountpoint-cache hash table entries: 4096 (order: 3, 32768 bytes)
[    0.022167] CPU: Physical Processor ID: 0
[    0.022783] CPU: Processor Core ID: 0
[    0.023368] mce: CPU supports 0 MCE banks
[    0.024015] Last level iTLB entries: 4KB 64, 2MB 8, 4MB 8
[    0.024862] Last level dTLB entries: 4KB 64, 2MB 0, 4MB 0, 1GB 4
[    0.028004] Spectre V2 : Mitigation: Full generic retpoline
[    0.028677] Spectre V2 : Spectre v2 mitigation: Filling RSB on context switch
[    0.029522] Speculative Store Bypass: Vulnerable
[    0.030163] Freeing SMP alternatives memory: 36K
[    0.036000] smpboot: CPU0: Intel(R) Core(TM) i7-6700HQ CPU @ 2.60GHz (family: 0x6, model: 0x5e, stepping: 0x3)
[    0.036057] Performance Events: unsupported p6 CPU model 94 no PMU driver, software events only.
[    0.040042] Hierarchical SRCU implementation.
[    0.048190] NMI watchdog: Perf event create on CPU 0 failed with -2
[    0.052001] NMI watchdog: Perf NMI watchdog permanently disabled
[    0.056063] smp: Bringing up secondary CPUs ...
[    0.056680] x86: Booting SMP configuration:
[    0.057372] .... node  #0, CPUs:      #1
[    0.004000] kvm-clock: cpu 1, msr 0:7ff44041, secondary cpu clock
[    0.004000] mce: CPU supports 0 MCE banks
[    0.060022] smp: Brought up 1 node, 2 CPUs
[    0.060596] smpboot: Max logical packages: 1
[    0.061178] smpboot: Total of 2 processors activated (10368.00 BogoMIPS)
[    0.062127] devtmpfs: initialized
[    0.064054] x86/mm: Memory block size: 128MB
[    0.064859] evm: security.selinux
[    0.065349] evm: security.SMACK64
[    0.065833] evm: security.SMACK64EXEC
[    0.066365] evm: security.SMACK64TRANSMUTE
[    0.066937] evm: security.SMACK64MMAP
[    0.067460] evm: security.apparmor
[    0.068002] evm: security.ima
[    0.068455] evm: security.capability
[    0.068999] clocksource: jiffies: mask: 0xffffffff max_cycles: 0xffffffff, max_idle_ns: 7645041785100000 ns
[    0.069301] futex hash table entries: 512 (order: 3, 32768 bytes)
[    0.071222] pinctrl core: initialized pinctrl subsystem
[    0.072023] RTC time:  2:12:29, date: 06/30/18
[    0.072782] NET: Registered protocol family 16
[    0.076067] audit: initializing netlink subsys (disabled)
[    0.076748] audit: type=2000 audit(1530324752.227:1): state=initialized audit_enabled=0 res=1
[    0.080016] cpuidle: using governor ladder
[    0.080531] cpuidle: using governor menu
[    0.081101] ACPI: bus type PCI registered
[    0.081598] acpiphp: ACPI Hot Plug PCI Controller Driver version: 0.5
[    0.082455] PCI: Using configuration type 1 for base access
[    0.085378] HugeTLB registered 2.00 MiB page size, pre-allocated 0 pages
[    0.085378] ACPI: Added _OSI(Module Device)
[    0.085378] ACPI: Added _OSI(Processor Device)
[    0.088004] ACPI: Added _OSI(3.0 _SCP Extensions)
[    0.088568] ACPI: Added _OSI(Processor Aggregator Device)
[    0.089409] ACPI: Executed 1 blocks of module-level executable AML code
[    0.093128] ACPI: Interpreter enabled
[    0.093623] ACPI: (supports S0 S5)
[    0.094057] ACPI: Using IOAPIC for interrupt routing
[    0.094884] PCI: Using host bridge windows from ACPI; if necessary, use "pci=nocrs" and report a bug
[    0.096000] ACPI: Enabled 2 GPEs in block 00 to 07
[    0.101299] ACPI: PCI Root Bridge [PCI0] (domain 0000 [bus 00-ff])
[    0.102055] acpi PNP0A03:00: _OSC: OS supports [ASPM ClockPM Segments MSI]
[    0.102883] acpi PNP0A03:00: _OSC: not requesting OS control; OS requires [ExtendedConfig ASPM ClockPM MSI]
[    0.103969] acpi PNP0A03:00: fail to add MMCONFIG information, can't access extended PCI configuration space under this bridge.
[    0.104238] PCI host bridge to bus 0000:00
[    0.104798] pci_bus 0000:00: root bus resource [io  0x0000-0x0cf7 window]
[    0.105631] pci_bus 0000:00: root bus resource [io  0x0d00-0xffff window]
[    0.106379] pci_bus 0000:00: root bus resource [mem 0x000a0000-0x000bffff window]
[    0.108002] pci_bus 0000:00: root bus resource [mem 0x80000000-0xfdffffff window]
[    0.108863] pci_bus 0000:00: root bus resource [bus 00-ff]
[    0.110817] pci 0000:00:01.1: legacy IDE quirk: reg 0x10: [io  0x01f0-0x01f7]
[    0.111601] pci 0000:00:01.1: legacy IDE quirk: reg 0x14: [io  0x03f6]
[    0.112002] pci 0000:00:01.1: legacy IDE quirk: reg 0x18: [io  0x0170-0x0177]
[    0.112802] pci 0000:00:01.1: legacy IDE quirk: reg 0x1c: [io  0x0376]
[    0.133948] pci 0000:00:07.0: quirk: [io  0x4000-0x403f] claimed by PIIX4 ACPI
[    0.134890] pci 0000:00:07.0: quirk: [io  0x4100-0x410f] claimed by PIIX4 SMB
[    0.144370] ACPI: PCI Interrupt Link [LNKA] (IRQs 5 9 10 *11)
[    0.145384] ACPI: PCI Interrupt Link [LNKB] (IRQs 5 9 *10 11)
[    0.146183] ACPI: PCI Interrupt Link [LNKC] (IRQs 5 *9 10 11)
[    0.146995] ACPI: PCI Interrupt Link [LNKD] (IRQs 5 9 10 *11)
[    0.148117] SCSI subsystem initialized
[    0.148641] pci 0000:00:02.0: vgaarb: setting as boot VGA device
[    0.148885] pci 0000:00:02.0: vgaarb: VGA device added: decodes=io+mem,owns=io+mem,locks=none
[    0.149845] pci 0000:00:02.0: vgaarb: bridge control possible
[    0.150497] vgaarb: loaded
[    0.150873] ACPI: bus type USB registered
[    0.152020] usbcore: registered new interface driver usbfs
[    0.152649] usbcore: registered new interface driver hub
[    0.153284] usbcore: registered new device driver usb
[    0.153954] EDAC MC: Ver: 3.0.0
[    0.153954] PCI: Using ACPI for IRQ routing
[    0.153954] NetLabel: Initializing
[    0.156002] NetLabel:  domain hash size = 128
[    0.156549] NetLabel:  protocols = UNLABELED CIPSOv4 CALIPSO
[    0.157238] NetLabel:  unlabeled traffic allowed by default
[    0.157898] clocksource: Switched to clocksource kvm-clock
[    0.165544] VFS: Disk quotas dquot_6.6.0
[    0.166090] VFS: Dquot-cache hash table entries: 512 (order 0, 4096 bytes)
[    0.166931] AppArmor: AppArmor Filesystem Enabled
[    0.167545] pnp: PnP ACPI init
[    0.168780] pnp: PnP ACPI: found 3 devices
[    0.177919] clocksource: acpi_pm: mask: 0xffffff max_cycles: 0xffffff, max_idle_ns: 2085701024 ns
[    0.179005] NET: Registered protocol family 2
[    0.179707] TCP established hash table entries: 16384 (order: 5, 131072 bytes)
[    0.180690] TCP bind hash table entries: 16384 (order: 6, 262144 bytes)
[    0.181923] TCP: Hash tables configured (established 16384 bind 16384)
[    0.182700] UDP hash table entries: 1024 (order: 3, 32768 bytes)
[    0.183404] UDP-Lite hash table entries: 1024 (order: 3, 32768 bytes)
[    0.184173] NET: Registered protocol family 1
[    0.184769] pci 0000:00:00.0: Limiting direct PCI/PCI transfers
[    0.185471] pci 0000:00:01.0: Activating ISA DMA hang workarounds
[    0.186203] pci 0000:00:02.0: Video device with shadowed ROM at [mem 0x000c0000-0x000dffff]
[    0.187238] Unpacking initramfs...
[    0.430609] Freeing initrd memory: 18948K
[    0.555567] platform rtc_cmos: registered platform RTC device (no PNP device found)
[    0.804232] Scanning for low memory corruption every 60 seconds
[    0.999251] Initialise system trusted keyrings
[    1.092570] Key type blacklist registered
[    1.093640] workingset: timestamp_bits=36 max_order=19 bucket_order=0
[    1.095351] zbud: loaded
[    1.096227] squashfs: version 4.0 (2009/01/31) Phillip Lougher
[    1.097156] fuse init (API version 7.26)
[    1.100674] Key type asymmetric registered
[    1.112680] Asymmetric key parser 'x509' registered
[    1.113468] Block layer SCSI generic (bsg) driver version 0.4 loaded (major 246)
[    1.114478] io scheduler noop registered
[    1.115047] io scheduler deadline registered
[    1.115691] io scheduler cfq registered (default)
[    1.116661] ACPI: AC Adapter [AC] (on-line)
[    1.117305] input: Power Button as /devices/LNXSYSTM:00/LNXPWRBN:00/input/input0
[    1.118358] ACPI: Power Button [PWRF]
[    1.118942] input: Sleep Button as /devices/LNXSYSTM:00/LNXSLPBN:00/input/input1
[    1.119967] ACPI: Sleep Button [SLPF]
[    1.121536] ACPI: Battery Slot [BAT0] (battery present)
[    1.122420] Serial: 8250/16550 driver, 32 ports, IRQ sharing enabled
[    1.145087] 00:02: ttyS0 at I/O 0x3f8 (irq = 4, base_baud = 115200) is a 16550A
[    1.154988] Linux agpgart interface v0.103
[    1.156668] loop: module loaded
[    1.157444] scsi host0: ata_piix
[    1.157952] scsi host1: ata_piix
[    1.158383] ata1: PATA max UDMA/33 cmd 0x1f0 ctl 0x3f6 bmdma 0xd000 irq 14
[    1.159142] ata2: PATA max UDMA/33 cmd 0x170 ctl 0x376 bmdma 0xd008 irq 15
[    1.159966] libphy: Fixed MDIO Bus: probed
[    1.160563] tun: Universal TUN/TAP device driver, 1.6
[    1.161195] PPP generic driver version 2.4.2
[    1.161854] ehci_hcd: USB 2.0 'Enhanced' Host Controller (EHCI) Driver
[    1.162589] ehci-pci: EHCI PCI platform driver
[    1.163121] ehci-platform: EHCI generic platform driver
[    1.163722] ohci_hcd: USB 1.1 'Open' Host Controller (OHCI) Driver
[    1.164527] ohci-pci: OHCI PCI platform driver
[    1.165884] ohci-platform: OHCI generic platform driver
[    1.167376] uhci_hcd: USB Universal Host Controller Interface driver
[    1.168632] i8042: PNP: PS/2 Controller [PNP0303:PS2K,PNP0f03:PS2M] at 0x60,0x64 irq 1,12
[    1.169964] serio: i8042 KBD port at 0x60,0x64 irq 1
[    1.170557] serio: i8042 AUX port at 0x60,0x64 irq 12
[    1.171295] mousedev: PS/2 mouse device common for all mice
[    1.172428] input: AT Translated Set 2 keyboard as /devices/platform/i8042/serio0/input/input2
[    1.173591] rtc_cmos rtc_cmos: rtc core: registered rtc_cmos as rtc0
[    1.174429] rtc_cmos rtc_cmos: alarms up to one day, 114 bytes nvram
[    1.175159] i2c /dev entries driver
[    1.175636] device-mapper: uevent: version 1.0.3
[    1.176275] device-mapper: ioctl: 4.37.0-ioctl (2017-09-20) initialised: dm-devel@redhat.com
[    1.177343] ledtrig-cpu: registered to indicate activity on CPUs
[    1.178397] NET: Registered protocol family 10
[    1.181817] Segment Routing with IPv6
[    1.182311] NET: Registered protocol family 17
[    1.182929] Key type dns_resolver registered
[    1.183602] RAS: Correctable Errors collector initialized.
[    1.184340] sched_clock: Marking stable (1184322646, 0)->(3054099831, -1869777185)
[    1.185589] registered taskstats version 1
[    1.186101] Loading compiled-in X.509 certificates
[    1.188428] Loaded X.509 cert 'Build time autogenerated kernel key: d77482c25b833df502ed38a87c5d7f330fdff3cb'
[    1.189573] zswap: loaded using pool lzo/zbud
[    1.192876] Key type big_key registered
[    1.193397] Key type trusted registered
[    1.195041] Key type encrypted registered
[    1.195580] AppArmor: AppArmor sha1 policy hashing enabled
[    1.196216] ima: No TPM chip found, activating TPM-bypass! (rc=-19)
[    1.196969] evm: HMAC attrs: 0x1
[    1.197508]   Magic number: 6:631:208
[    1.197973] vc vcsa: hash matches
[    1.198437] rtc_cmos rtc_cmos: setting system clock to 2018-06-30 02:12:30 UTC (1530324750)
[    1.199461] BIOS EDD facility v0.16 2004-Jun-25, 0 devices found
[    1.200150] EDD information not available.
[    1.327970] Freeing unused kernel memory: 2408K
[    1.340198] Write protecting the kernel read-only data: 20480k
[    1.344872] Freeing unused kernel memory: 2008K
[    1.357110] Freeing unused kernel memory: 1904K
[    1.371570] x86/mm: Checked W+X mappings: passed, no W+X pages found.
[    1.373314] x86/mm: Checking user space page tables
[    1.381119] x86/mm: Checked W+X mappings: passed, no W+X pages found.
Loading, please wait...
starting version 237
[    1.433907] Fusion MPT base driver 3.04.20
[    1.450595] Copyright (c) 1999-2008 LSI Corporation
[    1.468198] e1000: Intel(R) PRO/1000 Network Driver - version 7.3.21-k8-NAPI
[    1.474930] e1000: Copyright (c) 1999-2006 Intel Corporation.
[    1.481407] AVX2 version of gcm_enc/dec engaged.
[    1.482101] AES CTR mode by8 optimization enabled
[    1.485009] Fusion MPT SPI Host driver 3.04.20
[    1.568100] tsc: Refined TSC clocksource calibration: 2593.334 MHz
[    1.568906] clocksource: tsc: mask: 0xffffffffffffffff max_cycles: 0x2561a30e77f, max_idle_ns: 440795315237 ns
[    1.704071] input: ImExPS/2 Generic Explorer Mouse as /devices/platform/i8042/serio1/input/input4
[    1.825761] e1000 0000:00:03.0 eth0: (PCI:33MHz:32-bit) 02:90:53:39:32:0e
[    1.826719] e1000 0000:00:03.0 eth0: Intel(R) PRO/1000 Network Connection
[    1.828665] mptbase: ioc0: Initiating bringup
[    1.829864] e1000 0000:00:03.0 enp0s3: renamed from eth0
[    2.424967] ioc0: LSI53C1030 A0: Capabilities={Initiator}
[    2.747862] scsi host2: ioc0: LSI53C1030 A0, FwRev=00000000h, Ports=1, MaxQ=256, IRQ=20
[    2.985497] scsi 2:0:0:0: Direct-Access     VBOX     HARDDISK         1.0  PQ: 0 ANSI: 5
[    3.020154] scsi target2:0:0: Beginning Domain Validation
[    3.027507] scsi target2:0:0: Domain Validation skipping write tests
[    3.030771] scsi target2:0:0: Ending Domain Validation
[    3.032885] scsi target2:0:0: asynchronous
[    3.034303] scsi 2:0:1:0: Direct-Access     VBOX     HARDDISK         1.0  PQ: 0 ANSI: 5
[    3.064079] scsi target2:0:1: Beginning Domain Validation
[    3.067368] scsi target2:0:1: Domain Validation skipping write tests
[    3.068913] scsi target2:0:1: Ending Domain Validation
[    3.070378] scsi target2:0:1: asynchronous
[    3.078033] sd 2:0:0:0: Attached scsi generic sg0 type 0
[    3.079766] sd 2:0:0:0: [sda] 20971520 512-byte logical blocks: (10.7 GB/10.0 GiB)
[    3.082125] sd 2:0:0:0: [sda] Write Protect is off
[    3.083820] sd 2:0:0:0: [sda] Incomplete mode parameter data
[    3.085485] sd 2:0:0:0: [sda] Assuming drive cache: write through
[    3.087823] sd 2:0:1:0: Attached scsi generic sg1 type 0
[    3.089512] sd 2:0:1:0: [sdb] 20480 512-byte logical blocks: (10.5 MB/10.0 MiB)
[    3.091850] sd 2:0:1:0: [sdb] Write Protect is off
[    3.093844] sd 2:0:1:0: [sdb] Incomplete mode parameter data
[    3.095309] sd 2:0:1:0: [sdb] Assuming drive cache: write through
[    3.096881]  sda: sda1
[    3.098344] sd 2:0:0:0: [sda] Attached SCSI disk
[    3.112433] sd 2:0:1:0: [sdb] Attached SCSI disk
Begin: Loading essential drivers ... [    4.529173] raid6: sse2x1   gen() 12136 MB/s
[    4.576582] raid6: sse2x1   xor()  8837 MB/s
[    4.624290] raid6: sse2x2   gen() 14963 MB/s
[    4.672874] raid6: sse2x2   xor()  9993 MB/s
[    4.720329] raid6: sse2x4   gen() 17169 MB/s
[    4.768988] raid6: sse2x4   xor() 10902 MB/s
[    4.816643] raid6: avx2x1   gen() 23817 MB/s
[    4.864289] raid6: avx2x1   xor() 16878 MB/s
[    4.912830] raid6: avx2x2   gen() 29306 MB/s
[    4.960675] raid6: avx2x2   xor() 18146 MB/s
[    5.014310] raid6: avx2x4   gen() 37741 MB/s
[    5.064296] raid6: avx2x4   xor() 22574 MB/s
[    5.064976] raid6: using algorithm avx2x4 gen() 37741 MB/s
[    5.065688] raid6: .... xor() 22574 MB/s, rmw enabled
[    5.066352] raid6: using avx2x2 recovery algorithm
[    5.068075] xor: automatically using best checksumming function   avx       
[    5.069965] async_tx: api initialized (async)
done.
Begin: Running /scripts/init-premount ... done.
Begin: Mounting root file system ... Begin: Running /scripts/local-top ... done.
Begin: Running /scripts/local-premount ... [    5.107642] Btrfs loaded, crc32c=crc32c-intel
Scanning for Btrfs filesystems
done.
Warning: fsck not present, so skipping root file system
[    5.172391] EXT4-fs (sda1): mounted filesystem with ordered data mode. Opts: (null)
done.
Begin: Running /scripts/local-bottom ... done.
Begin: Running /scripts/init-bottom ... done.
[    5.903017] ip_tables: (C) 2000-2006 Netfilter Core Team
[    6.241444] systemd[1]: systemd 237 running in system mode. (+PAM +AUDIT +SELINUX +IMA +APPARMOR +SMACK +SYSVINIT +UTMP +LIBCRYPTSETUP +GCRYPT +GNUTLS +ACL +XZ +LZ4 +SECCOMP +BLKID +ELFUTILS +KMOD -IDN2 +IDN -PCRE2 default-hierarchy=hybrid)
[    7.487063] systemd[1]: Detected virtualization oracle.
[    7.487696] systemd[1]: Detected architecture x86-64.

Welcome to [1mUbuntu 18.04 LTS[0m!

[    7.523887] systemd[1]: Set hostname to <ubuntu>.
[    7.541499] systemd[1]: Initializing machine ID from random generator.
[    7.925013] systemd[1]: Installed transient /etc/machine-id file.
[    8.520660] random: crng init done
[    8.642817] systemd[1]: Set up automount Arbitrary Executable File Formats File System Automount Point.
[[0;32m  OK  [0m] Set up automount Arbitrary Executabâ€¦rmats File System Automount Point.
[    8.654377] systemd[1]: Created slice User and Session Slice.
[[0;32m  OK  [0m] Created slice User and Session Slice.
[    8.659200] systemd[1]: Started Forward Password Requests to Wall Directory Watch.
[[0;32m  OK  [0m] Started Forward Password Requests to Wall Directory Watch.
[    8.663498] systemd[1]: Reached target Swap.
[[0;32m  OK  [0m] Reached target Swap.
[[0;32m  OK  [0m] Reached target System Time Synchronized.
[[0;32m  OK  [0m] Reached target User and Group Name Lookups.
[[0;32m  OK  [0m] Created slice System Slice.
[[0;32m  OK  [0m] Listening on Network Service Netlink Socket.
[[0;32m  OK  [0m] Listening on LVM2 metadata daemon socket.
[[0;32m  OK  [0m] Reached target Slices.
[[0;32m  OK  [0m] Listening on Journal Socket.
         Starting Set the console keyboard layout...
         Starting Remount Root and Kernel File Systems...
         Mounting Huge Pages File System...
[[0;32m  OK  [0m] Listening on Device-mapper event daemon FIFOs.
         Starting Monitoring of LVM2 mirrorsâ€¦ng dmeventd or progress polling...
[[0;32m  OK  [0m] Listening on Journal Socket (/dev/log).
         Mounting POSIX Message Queue File System...
[[0;32m  OK  [0m] Listening on udev Kernel Socket.
         Mounting Kernel Debug File System...
[[0;32m  OK  [0m] Listening on Journal Audit Socket.
         Starting Load Kernel Modules...
[[0;32m  OK  [0m] Created slice system-serial\x2dgetty.slice.
[[0;32m  OK  [0m] Listening on udev Control Socket.
         Starting udev Coldplug all Devices...
[[0;32m  OK  [[    8.968779] Loading iSCSI transport class v2.0-870.
0m] Listening on LVM2 poll daemon socket.
         Starting Uncomplicated firewall...
         Starting Create list of required stâ€¦ce nodes for the current kernel...
[[0;32m  OK  [0m] Listening on /dev/initctl Compatibility Named Pipe.
[[0;32m  OK  [0m] Listening on Syslog Socket.
         Starting Journal Service...
[[0;32m  OK  [0m] Started udev Coldplug all Devices.
[    9.599831] iscsi: registered transport (tcp)
[    9.622759] iscsi: registered transport (iser)
[[0;32m  OK  [0m] Started Load Kernel Modules.
         Starting Apply Kernel Variables...
         Mounting FUSE Control File System...
         Mounting Kernel Configuration File System...
[[0;32m  OK  [0m] Started Uncomplicated firewall.
[[0;32m  OK  [0m] Started Journal Service.
[[0;32m  OK  [0m] Started Create list of required staâ€¦vice nodes for the current kernel.
         Starting Create Static Device Nodes in /dev...
[[0;32m  OK  [0m] Started Create Static Device Nodes in /dev.
[[0;32m  OK  [0m] Started Apply Kernel Variables.
[[0;32m  OK  [0m] Mounted Huge Pages File System.
[[0;32m  OK  [0m] Started Remount Root and Kernel File Systems.
[[0;32m  OK  [0m] Mounted POSIX Message Queue File System.
[[0;32m  OK  [0m] Mounted Kernel Debug File System.
[[0;32m  OK  [0m] Mounted FUSE Control File System.
[[0;32m  OK  [0m] Mounted Kernel Configuration File System.
[[0;32m  OK  [0m] Started LVM2 metadata daemon.
         Starting Initial cloud-init job (pre-networking)...
         Starting Load/Save Random Seed...
         Starting udev Kernel Device Manager...
         Starting Flush Journal to Persistent Storage...
[[0;32m  OK  [0m] Started Set the console keyboard layout.
[[0;32m  OK  [0m] Started Load/Save Random Seed.
[[0;32m  OK  [0m] Started Monitoring of LVM2 mirrors,â€¦sing dmeventd or progress polling.
[[0;32m  OK  [0m] Reached target Local File Systems (Pre).
[[0;32m  OK  [0m] Reached target Local File Systems.
         Starting ebtables ruleset management...
         Starting Tell Plymouth To Write Out Runtime Data...
         Starting AppArmor initialization...
         Starting Commit a transient machine-id on disk...
         Starting Set console font and keymap...
[[0;32m  OK  [0m] Started udev Kernel Device Manager.
[[0;32m  OK  [0m] Started Dispatch Password Requests to Console Directory Watch.
[[0;32m  OK  [0m] Reached target Local Encrypted Volumes.
[[0;32m  OK  [0m] Started Tell Plymouth To Write Out Runtime Data.
[[0;32m  OK  [0m] Started Set console font and keymap.
[[0;32m  OK  [0m] Found device /dev/ttyS0.
[[0;32m  OK  [0m] Started Flush Journal to Persistent Storage.
[[0;32m  OK  [0m] Started Commit a transient machine-id on disk.
         Starting Create Volatile Files and Directories...
[[0;32m  OK  [0m] Started Create Volatile Files and Directories.
         Starting Update UTMP about System Boot/Shutdown...
[[0;32m  OK  [0m] Listening on Load/Save RF Kill Switch Status /dev/rfkill Watch.
[[0;32m  OK  [0m] Started Update UTMP about System Boot/Shutdown.
[[0;32m  OK  [0m] Started ebtables ruleset management.
[[0;32m  OK  [0m] Started AppArmor initialization.
[   14.457202] cloud-init[405]: Cloud-init v. 18.2 running 'init-local' at Sat, 30 Jun 2018 02:12:43 +0000. Up 13.97 seconds.
[[0;32m  OK  [0m] Started Initial cloud-init job (pre-networking).
[[0;32m  OK  [0m] Reached target Network (Pre).
         Starting Network Service...
[[0;32m  OK  [0m] Started Network Service.
         Starting Network Name Resolution...
         Starting Wait for Network to be Configured...
[[0;32m  OK  [0m] Started Network Name Resolution.
[[0;32m  OK  [0m] Reached target Host and Network Name Lookups.
[[0;32m  OK  [0m] Reached target Network.
[[0;32m  OK  [0m] Started Wait for Network to be Configured.
         Starting Initial cloud-init job (metadata service crawler)...
[   18.749848] cloud-init[675]: Cloud-init v. 18.2 running 'init' at Sat, 30 Jun 2018 02:12:46 +0000. Up 16.76 seconds.
[   18.751865] cloud-init[675]: ci-info: ++++++++++++++++++++++++++++++++++++++Net device info++++++++++++++++++++++++++++++++++++++
[   18.753089] cloud-init[675]: ci-info: +--------+------+----------------------------+---------------+--------+-------------------+
[   18.754304] cloud-init[675]: ci-info: | Device |  Up  |          Address           |      Mask     | Scope  |     Hw-Address    |
[   18.755530] cloud-init[675]: ci-info: +--------+------+----------------------------+---------------+--------+-------------------+
[   18.757078] cloud-init[675]: ci-info: | enp0s3 | True |         10.0.2.15          | 255.255.255.0 | global | 02:90:53:39:32:0e |
[   18.758453] cloud-init[675]: ci-info: | enp0s3 | True | fe80::90:53ff:fe39:320e/64 |       .       |  link  | 02:90:53:39:32:0e |
[   18.768271] cloud-init[675]: ci-info: |   lo   | True |         127.0.0.1          |   255.0.0.0   |  host  |         .         |
[[0;32m  OK  [0m] Started Initial cloud-init job (metadata service crawler).
[   18.809224] cloud-init[675]: ci-info: |   lo   | True |          ::1/128           |       .       |  host  |         .         |
[[0;32m  OK  [0m] Reached target Cloud-config availability.
[   18.812156] cloud-init[675]: ci-info: +--------+------+----------------------------+---------------+--------+-------------------+
[[   18.813474] cloud-init[675]: ci-info: ++++++++++++++++++++++++++++Route IPv4 info+++++++++++++++++++++++++++++
[   18.813622] cloud-init[675]: ci-info: +-------+-------------+----------+-----------------+-----------+-------+
[   18.813890] cloud-init[675]: ci-info: | Route | Destination | Gateway  |     Genmask     | Interface | Flags |
[   18.814179] cloud-init[675]: ci-info: +-------+-------------+----------+-----------------+-----------+-------+
[   18.814434] cloud-init[675]: ci-info: |   0   |   0.0.0.0   | 10.0.2.2 |     0.0.0.0     |   enp0s3  |   UG  |
[   18.814718] cloud-init[675]: ci-info: |   1   |   10.0.2.0  | 0.0.0.0  |  255.255.255.0  |   enp0s3  |   U   |
[   18.814996] cloud-init[675]: ci-info: |   2   |   10.0.2.2  | 0.0.0.0  | 255.255.255.255 |   enp0s3  |   UH  |
[   18.815272] cloud-init[675]: ci-info: +-------+-------------+----------+-----------------+-----------+-------+
[   18.815532] cloud-init[675]: ci-info: +++++++++++++++++++Route IPv6 info+++++++++++++++++++
[   18.815814] cloud-init[675]: ci-info: +-------+-------------+---------+-----------+-------+
[   18.816234] cloud-init[675]: ci-info: | Route | Destination | Gateway | Interface | Flags |
[   18.816487] cloud-init[675]: ci-info: +-------+-------------+---------+-----------+-------+
[0;32m  OK  [0m] Reached target Network is Online.
[   18.816624] cloud-init[675]: ci-info: |   1   |  fe80::/64  |    ::   |   enp0s3  |   U   |
         [   18.844279] Starting iSCSI initiator daemon (iscsid)...
cloud-init[675]: ci-info: |   3   |    local    |    ::   |   enp0s3  |   U   |
[[   18.859787] cloud-init[675]: ci-info: |   4   |   ff00::/8  |    ::   |   enp0s3  |   U   |
[   18.859887] cloud-init[675]: ci-info: +-------+-------------+---------+-----------+-------+
[   18.860048] cloud-init[675]: Generating public/private rsa key pair.
[   18.860214] cloud-init[675]: Your identification has been saved in /etc/ssh/ssh_host_rsa_key.
[   18.860367] cloud-init[675]: Your public key has been saved in /etc/ssh/ssh_host_rsa_key.pub.
[   18.860531] cloud-init[675]: The key fingerprint is:
[   18.860709] cloud-init[675]: SHA256:KGbgtHkZA8bnOnb/73t+Q/vOHsJ68FLK4uSm/aq6/GY root@ubuntu-bionic
[   18.860875] cloud-init[675]: The key's randomart image is:
[0;32m  OK  [0m] Reached target System Initialization.
[   18.860913] cloud-init[675]: +---[RSA 2048]----+
[   18.874080] cloud-init[675]: | .o              |
[   18.874179] cloud-init[675]: | ....            |
[   18.874483] cloud-init[675]: |  ooo            |
[   18.874750] cloud-init[675]: | o +.+ .         |
[   18.875016] cloud-init[675]: |  +.* . S        |
[   18.875298] cloud-init[675]: |  ++..     ....  |
[   18.875568] cloud-init[675]: | . o .   .. =+ o |
[[0;32m  OK  [0m] Started Discard unused blocks once a week.
[   18.875847] cloud-init[675]: |    . .E+o +oo=..|
         [   18.887516] cloud-init[675]: |     +*=*BB*+. ==|
[   18.887857] cloud-init[675]: +----[SHA256]-----+
[   18.888291] cloud-init[675]: Generating public/private dsa key pair.
[   18.888596] cloud-init[675]: Your identification has been saved in /etc/ssh/ssh_host_dsa_key.
[   18.888884] cloud-init[675]: Your public key has been saved in /etc/ssh/ssh_host_dsa_key.pub.
Starting Socket activation for snappy daemon.
[   18.889020] cloud-init[675]: The key fingerprint is:
         [   18.899767] cloud-init[675]: SHA256:W3jZgIR3JVbUExb4CzN7IBR7b5++Kpj/yaEdblr2Ab8 root@ubuntu-bionic
[   18.899965] cloud-init[675]: The key's randomart image is:
[   18.900212] cloud-init[675]: +---[DSA 1024]----+
[   18.900457] cloud-init[675]: |       .. +=+o+o |
[   18.900693] cloud-init[675]: |      ...ooo..o  |
[   18.900945] cloud-init[675]: |       ..oo .. . |
[   18.901196] cloud-init[675]: |         ..==..  |
[   18.901437] cloud-init[675]: |        S +..Bo. |
[   18.901677] cloud-init[675]: |         +  ..=..|
[   18.901918] cloud-init[675]: |        . o  * +.|
[   18.902162] cloud-init[675]: |         o .B.* o|
[   18.902415] cloud-init[675]: |          .+=B.E.|
[   18.902655] cloud-init[675]: +----[SHA256]-----+
[   18.902894] cloud-init[675]: Generating public/private ecdsa key pair.
[   18.903139] cloud-init[675]: Your identification has been saved in /etc/ssh/ssh_host_ecdsa_key.
[   18.903384] cloud-init[675]: Your public key has been saved in /etc/ssh/ssh_host_ecdsa_key.pub.
[   18.903627] cloud-init[675]: The key fingerprint is:
[   18.903865] cloud-init[675]: SHA256:r7fbAWyJDqh/YCcoE9VWjBg432zNlq+cUmAChhPHQ88 root@ubuntu-bionic
[   18.904365] cloud-init[675]: The key's randomart image is:
Starting LXD - unix socket.
[   18.904573] cloud-init[675]: +---[ECDSA 256]---+
[[   18.955615] cloud-init[675]: |o=++ +.          |
[   18.955799] cloud-init[675]: |*o=o+ .          |
[   18.956371] cloud-init[675]: |.* =Eo .         |
[0;32m  OK  [0m] Listening on ACPID Listen Socket.
[   18.956727] cloud-init[675]: |. o *.=  o .     |
[[   18.962331] cloud-init[675]: | . =.o..S =      |
[   18.962532] cloud-init[675]: |o ..+ oo.o .     |
[   18.962781] cloud-init[675]: | o.. * o. . .    |
[   18.963008] cloud-init[675]: |   .. =  ... .   |
[   18.963233] cloud-init[675]: |    .o  ..oo.    |
[   18.963462] cloud-init[675]: +----[SHA256]-----+
[   18.963695] cloud-init[675]: Generating public/private ed25519 key pair.
[   18.963935] cloud-init[675]: Your identification has been saved in /etc/ssh/ssh_host_ed25519_key.
[   18.964162] cloud-init[675]: Your public key has been saved in /etc/ssh/ssh_host_ed25519_key.pub.
[   18.964392] cloud-init[675]: The key fingerprint is:
[   18.964625] cloud-init[675]: SHA256:hAaBNjZ+TbOqMN8w9jF+xKUnC58e+kCm+gjVUFZtmwU root@ubuntu-bionic
[   18.964861] cloud-init[675]: The key's randomart image is:
[   18.965097] cloud-init[675]: +--[ED25519 256]--+
[   18.965284] cloud-init[675]: |   .=o..E.       |
[0;32m  OK  [0m] Started Message of the Day.
[   18.965332] cloud-init[675]: |  *o .o.o .      |
[[0;32m  OK  [0m] Started Daily Cleanup of Temporary Directories.[   18.982550] cloud-init[675]: | +.o oo+.+       |
[   18.983368] cloud-init[675]: |  .o..o.+        |
[   18.983872] cloud-init[675]: |  ..+o oS        |
[   18.984244] cloud-init[675]: |o.++= = .        |
[   18.984532] cloud-init[675]: |.=.B.*.=         |
[   18.984817] cloud-init[675]: |.oo +o=.         |
[   18.985122] cloud-init[675]: |o.. .+o          |
[   18.985420] cloud-init[675]: +----[SHA256]-----+

[[0;32m  OK  [0m] Started ACPI Events Check.
[[0;32m  OK  [0m] Reached target Paths.
[[0;32m  OK  [0m] Listening on D-Bus System Message Bus Socket.
[[0;32m  OK  [0m] Listening on UUID daemon activation socket.
[[0;32m  OK  [0m] Started Daily apt download activities.
[[0;32m  OK  [0m] Started Daily apt upgrade and clean activities.
[[0;32m  OK  [0m] Reached target Timers.
[[0;32m  OK  [0m] Listening on Socket activation for snappy daemon.
[[0;32m  OK  [0m] Listening on LXD - unix socket.
[[0;32m  OK  [0m] Reached target Sockets.
[[0;32m  OK  [0m] Reached target Basic System.
[[0;32m  OK  [0m] Started D-Bus System Message Bus.
         Starting Login Service...
         Starting LXD - container startup/shutdown...
         Starting Dispatcher daemon for systemd-networkd...
         Starting Pollinate to seed the pseudo random number generator...
[[0;32m  OK  [0m] Started irqbalance daemon.
         Starting Apply the settings specified in cloud-config...
[[0;32m  OK  [0m] Started Unattended Upgrades Shutdown.
[[0;32m  OK  [0m] Started Regular background program processing daemon.
[[0;32m  OK  [0m] Started Deferred execution scheduler.
         Starting LSB: Record successful boot for GRUB...
         Starting System Logging Service...
         Starting Virtualbox guest utils...
         Starting Accounts Service...
[[0;32m  OK  [0m] Started FUSE filesystem for LXC.
         Starting Snappy daemon...
[[0;32m  OK  [0m] Started iSCSI initiator daemon (iscsid).
[[0;32m  OK  [0m] Started Login Service.
[[0;32m  OK  [0m] Reached target Remote File Systems (Pre).
[[0;32m  OK  [0m] Reached target Remote File Systems.
         Starting Permit User Sessions...
         Starting LSB: automatic crash report generation...
         Starting Availability of block devices...
[[0;32m  OK  [0m] Started Availability of block devices.
[[0;32m  OK  [0m] Started Permit User Sessions.
         Starting Hold until boot process finishes up...
         Starting Terminate Plymouth Boot Screen...
[[0;32m  OK  [0m] Started Hold until boot process finishes up.
         Starting Set console scheme...
[[0;32m  OK  [0m] Started Serial Getty on ttyS0.
[[0;32m  OK  [0m] Started Terminate Plymouth Boot Screen.
[[0;32m  OK  [0m] Started Set console scheme.
[[0;32m  OK  [0m] Created slice system-getty.slice.
[[0;32m  OK  [0m] Started Getty on tty1.
[[0;32m  OK  [0m] Reached target Login Prompts.
[[0;32m  OK  [0m] Started LSB: automatic crash report generation.
         Starting Authorization Manager...
[[0;32m  OK  [0m] Started LSB: Record successful boot for GRUB.
[[0;32m  OK  [0m] Started System Logging Service.
[[0;32m  OK  [0m] Started Dispatcher daemon for systemd-networkd.
[[0;32m  OK  [0m] Started Authorization Manager.
[[0;32m  OK  [0m] Started Accounts Service.
[[0;32m  OK  [0m] Started Virtualbox guest utils.
[[0;32m  OK  [0m] Started Snappy daemon.
         Starting Wait until snapd is fully seeded...
[[0;32m  OK  [0m] Started LXD - container startup/shutdown.
[   23.588022] cloud-init[899]: Cloud-init v. 18.2 running 'modules:config' at Sat, 30 Jun 2018 02:12:49 +0000. Up 19.78 seconds.
[[0;32m  OK  [0m] Started Apply the settings specified in cloud-config.
[[0;32m  OK  [0m] Started Pollinate to seed the pseudo random number generator.
         Starting OpenBSD Secure Shell server...
[[0;32m  OK  [0m] Started OpenBSD Secure Shell server.
[[0;32m  OK  [0m] Created slice User Slice of vagrant.
         Starting User Manager for UID 1000...
[[0;32m  OK  [0m] Started Session 1 of user vagrant.
[[0;32m  OK  [0m] Started User Manager for UID 1000.

Ubuntu 18.04 LTS ubuntu-bionic ttyS0

ubuntu-bionic login: ci-info: no authorized ssh keys fingerprints found for user ubuntu.
<14>Jun 30 02:12:56 ec2: 
<14>Jun 30 02:12:56 ec2: #############################################################
<14>Jun 30 02:12:56 ec2: -----BEGIN SSH HOST KEY FINGERPRINTS-----
<14>Jun 30 02:12:56 ec2: 1024 SHA256:W3jZgIR3JVbUExb4CzN7IBR7b5++Kpj/yaEdblr2Ab8 root@ubuntu-bionic (DSA)
<14>Jun 30 02:12:56 ec2: 256 SHA256:r7fbAWyJDqh/YCcoE9VWjBg432zNlq+cUmAChhPHQ88 root@ubuntu-bionic (ECDSA)
<14>Jun 30 02:12:56 ec2: 256 SHA256:hAaBNjZ+TbOqMN8w9jF+xKUnC58e+kCm+gjVUFZtmwU root@ubuntu-bionic (ED25519)
<14>Jun 30 02:12:56 ec2: 2048 SHA256:KGbgtHkZA8bnOnb/73t+Q/vOHsJ68FLK4uSm/aq6/GY root@ubuntu-bionic (RSA)
<14>Jun 30 02:12:56 ec2: -----END SSH HOST KEY FINGERPRINTS-----
<14>Jun 30 02:12:56 ec2: #############################################################
-----BEGIN SSH HOST KEY KEYS-----
ecdsa-sha2-nistp256 AAAAE2VjZHNhLXNoYTItbmlzdHAyNTYAAAAIbmlzdHAyNTYAAABBBN41lmqlKEL8FtgEEGzx1yhYMBHWwCjZt9YYrx4zaNp9yZYBUuZG11RebhwcH0O1oA1V50AYYU+jYeWysCRrQN0= root@ubuntu-bionic
ssh-ed25519 AAAAC3NzaC1lZDI1NTE5AAAAIBeEm43wS4L0s1e7J7t7BB7sMUWj8gUq8DR0VrRXqjIh root@ubuntu-bionic
ssh-rsa AAAAB3NzaC1yc2EAAAADAQABAAABAQDLoUpH0tOqhfOVLHc2WS/a7VEjaedDOIqwyJJk8MnZpLE59ZSh9FAfAkkRytw4UXMUA4ex84uzhHq5YlptxNqqHvr7+tWHCEXTr+y7mo5YO8aF1YaHkGwrvvF3j0gjnZ0EvTVccET2k96BqhN+Bk5bveD6+05zd3z0bkIm6Ks/A5wiORhBL25S5ivxxCpC/0TCkPIVum5SbxqW9HImXDRqvXlgi89Q+9kN5MZ/KjVOhgsDlv2O28hJwqyV9Du1Pp5tur5eVBK12gvEcWZLcSRlqrYYWoect+/8bAJT392NCXwNYsd9WMZ3DFf9I3EHu9d4M/tnx5Yjs00GhhMMM8CH root@ubuntu-bionic
-----END SSH HOST KEY KEYS-----
[   27.363977] cloud-init[1472]: Cloud-init v. 18.2 running 'modules:final' at Sat, 30 Jun 2018 02:12:56 +0000. Up 27.18 seconds.
[   27.364061] cloud-init[1472]: ci-info: no authorized ssh keys fingerprints found for user ubuntu.
[   27.364099] cloud-init[1472]: Cloud-init v. 18.2 finished at Sat, 30 Jun 2018 02:12:56 +0000. Datasource DataSourceNoCloud [seed=/dev/sdb][dsmode=net].  Up 27.35 seconds
